../Drivers/STM32H7xx_HAL_Driver/Src/stm32h7xx_hal_mmc.c:410:19:HAL_MMC_Init	16	static
../Drivers/STM32H7xx_HAL_Driver/Src/stm32h7xx_hal_mmc.c:490:19:HAL_MMC_InitCard	64	static
../Drivers/STM32H7xx_HAL_Driver/Src/stm32h7xx_hal_mmc.c:578:19:HAL_MMC_DeInit	16	static
../Drivers/STM32H7xx_HAL_Driver/Src/stm32h7xx_hal_mmc.c:618:13:HAL_MMC_MspInit	16	static
../Drivers/STM32H7xx_HAL_Driver/Src/stm32h7xx_hal_mmc.c:633:13:HAL_MMC_MspDeInit	16	static
../Drivers/STM32H7xx_HAL_Driver/Src/stm32h7xx_hal_mmc.c:674:19:HAL_MMC_ReadBlocks	80	static
../Drivers/STM32H7xx_HAL_Driver/Src/stm32h7xx_hal_mmc.c:871:19:HAL_MMC_WriteBlocks	80	static
../Drivers/STM32H7xx_HAL_Driver/Src/stm32h7xx_hal_mmc.c:1067:19:HAL_MMC_ReadBlocks_IT	56	static
../Drivers/STM32H7xx_HAL_Driver/Src/stm32h7xx_hal_mmc.c:1180:19:HAL_MMC_WriteBlocks_IT	56	static
../Drivers/STM32H7xx_HAL_Driver/Src/stm32h7xx_hal_mmc.c:1294:19:HAL_MMC_ReadBlocks_DMA	56	static
../Drivers/STM32H7xx_HAL_Driver/Src/stm32h7xx_hal_mmc.c:1409:19:HAL_MMC_WriteBlocks_DMA	56	static
../Drivers/STM32H7xx_HAL_Driver/Src/stm32h7xx_hal_mmc.c:1521:19:HAL_MMC_Erase	40	static
../Drivers/STM32H7xx_HAL_Driver/Src/stm32h7xx_hal_mmc.c:1630:6:HAL_MMC_IRQHandler	24	static
../Drivers/STM32H7xx_HAL_Driver/Src/stm32h7xx_hal_mmc.c:1867:22:HAL_MMC_GetState	16	static
../Drivers/STM32H7xx_HAL_Driver/Src/stm32h7xx_hal_mmc.c:1878:10:HAL_MMC_GetError	16	static
../Drivers/STM32H7xx_HAL_Driver/Src/stm32h7xx_hal_mmc.c:1888:13:HAL_MMC_TxCpltCallback	16	static
../Drivers/STM32H7xx_HAL_Driver/Src/stm32h7xx_hal_mmc.c:1903:13:HAL_MMC_RxCpltCallback	16	static
../Drivers/STM32H7xx_HAL_Driver/Src/stm32h7xx_hal_mmc.c:1918:13:HAL_MMC_ErrorCallback	16	static
../Drivers/STM32H7xx_HAL_Driver/Src/stm32h7xx_hal_mmc.c:1933:13:HAL_MMC_AbortCallback	16	static
../Drivers/STM32H7xx_HAL_Driver/Src/stm32h7xx_hal_mmc.c:2173:19:HAL_MMC_GetCardCID	16	static
../Drivers/STM32H7xx_HAL_Driver/Src/stm32h7xx_hal_mmc.c:2206:19:HAL_MMC_GetCardCSD	24	static
../Drivers/STM32H7xx_HAL_Driver/Src/stm32h7xx_hal_mmc.c:2324:19:HAL_MMC_GetCardInfo	16	static
../Drivers/STM32H7xx_HAL_Driver/Src/stm32h7xx_hal_mmc.c:2346:19:HAL_MMC_GetCardExtCSD	64	static
../Drivers/STM32H7xx_HAL_Driver/Src/stm32h7xx_hal_mmc.c:2468:19:HAL_MMC_ConfigWideBusOperation	64	static
../Drivers/STM32H7xx_HAL_Driver/Src/stm32h7xx_hal_mmc.c:2589:19:HAL_MMC_ConfigSpeedBusOperation	32	static
../Drivers/STM32H7xx_HAL_Driver/Src/stm32h7xx_hal_mmc.c:2745:26:HAL_MMC_GetCardState	32	static
../Drivers/STM32H7xx_HAL_Driver/Src/stm32h7xx_hal_mmc.c:2768:19:HAL_MMC_Abort	24	static
../Drivers/STM32H7xx_HAL_Driver/Src/stm32h7xx_hal_mmc.c:2863:19:HAL_MMC_Abort_IT	24	static
../Drivers/STM32H7xx_HAL_Driver/Src/stm32h7xx_hal_mmc.c:2919:19:HAL_MMC_EraseSequence	40	static
../Drivers/STM32H7xx_HAL_Driver/Src/stm32h7xx_hal_mmc.c:3050:19:HAL_MMC_Sanitize	32	static
../Drivers/STM32H7xx_HAL_Driver/Src/stm32h7xx_hal_mmc.c:3161:19:HAL_MMC_ConfigSecRemovalType	48	static,ignoring_inline_asm
../Drivers/STM32H7xx_HAL_Driver/Src/stm32h7xx_hal_mmc.c:3267:19:HAL_MMC_GetSupportedSecRemovalType	16	static
../Drivers/STM32H7xx_HAL_Driver/Src/stm32h7xx_hal_mmc.c:3294:19:HAL_MMC_SleepDevice	40	static
../Drivers/STM32H7xx_HAL_Driver/Src/stm32h7xx_hal_mmc.c:3492:19:HAL_MMC_AwakeDevice	40	static
../Drivers/STM32H7xx_HAL_Driver/Src/stm32h7xx_hal_mmc.c:3644:17:MMC_InitCard	104	static
../Drivers/STM32H7xx_HAL_Driver/Src/stm32h7xx_hal_mmc.c:3751:17:MMC_PowerON	32	static
../Drivers/STM32H7xx_HAL_Driver/Src/stm32h7xx_hal_mmc.c:3804:13:MMC_PowerOFF	16	static
../Drivers/STM32H7xx_HAL_Driver/Src/stm32h7xx_hal_mmc.c:3817:17:MMC_SendStatus	24	static
../Drivers/STM32H7xx_HAL_Driver/Src/stm32h7xx_hal_mmc.c:3847:26:MMC_ReadExtCSD	72	static
../Drivers/STM32H7xx_HAL_Driver/Src/stm32h7xx_hal_mmc.c:3963:13:MMC_Read_IT	32	static
../Drivers/STM32H7xx_HAL_Driver/Src/stm32h7xx_hal_mmc.c:3998:13:MMC_Write_IT	32	static
../Drivers/STM32H7xx_HAL_Driver/Src/stm32h7xx_hal_mmc.c:4033:17:MMC_HighSpeed	72	static
../Drivers/STM32H7xx_HAL_Driver/Src/stm32h7xx_hal_mmc.c:4146:17:MMC_DDR_Mode	32	static
../Drivers/STM32H7xx_HAL_Driver/Src/stm32h7xx_hal_mmc.c:4254:17:MMC_PwrClassUpdate	48	static
../Drivers/STM32H7xx_HAL_Driver/Src/stm32h7xx_hal_mmc.c:4357:19:HAL_MMC_SwitchPartition	40	static
../Drivers/STM32H7xx_HAL_Driver/Src/stm32h7xx_hal_mmc.c:4461:19:HAL_MMC_RPMB_ProgramAuthenticationKey	96	static
../Drivers/STM32H7xx_HAL_Driver/Src/stm32h7xx_hal_mmc.c:4739:10:HAL_MMC_RPMB_GetWriteCounter	112	static
../Drivers/STM32H7xx_HAL_Driver/Src/stm32h7xx_hal_mmc.c:5033:19:HAL_MMC_RPMB_WriteBlocks	152	static
../Drivers/STM32H7xx_HAL_Driver/Src/stm32h7xx_hal_mmc.c:5597:19:HAL_MMC_RPMB_ReadBlocks	128	static
../Drivers/STM32H7xx_HAL_Driver/Src/stm32h7xx_hal_mmc.c:5903:13:HAL_MMCEx_Read_DMADoubleBuf0CpltCallback	16	static
../Drivers/STM32H7xx_HAL_Driver/Src/stm32h7xx_hal_mmc.c:5918:13:HAL_MMCEx_Read_DMADoubleBuf1CpltCallback	16	static
../Drivers/STM32H7xx_HAL_Driver/Src/stm32h7xx_hal_mmc.c:5933:13:HAL_MMCEx_Write_DMADoubleBuf0CpltCallback	16	static
../Drivers/STM32H7xx_HAL_Driver/Src/stm32h7xx_hal_mmc.c:5948:13:HAL_MMCEx_Write_DMADoubleBuf1CpltCallback	16	static
