../Drivers/BSP/STM32H750B-DK/stm32h750b_discovery_lcd.c:180:9:BSP_LCD_Init	24	static
../Drivers/BSP/STM32H750B-DK/stm32h750b_discovery_lcd.c:194:9:BSP_LCD_InitEx	128	static
../Drivers/BSP/STM32H750B-DK/stm32h750b_discovery_lcd.c:302:9:BSP_LCD_DeInit	24	static
../Drivers/BSP/STM32H750B-DK/stm32h750b_discovery_lcd.c:344:26:MX_LTDC_Init	24	static
../Drivers/BSP/STM32H750B-DK/stm32h750b_discovery_lcd.c:375:26:MX_LTDC_ConfigLayer	80	static
../Drivers/BSP/STM32H750B-DK/stm32h750b_discovery_lcd.c:403:26:MX_LTDC_ClockConfig	208	static
../Drivers/BSP/STM32H750B-DK/stm32h750b_discovery_lcd.c:504:9:BSP_LCD_ConfigLayer	32	static
../Drivers/BSP/STM32H750B-DK/stm32h750b_discovery_lcd.c:527:9:BSP_LCD_GetPixelFormat	24	static
../Drivers/BSP/STM32H750B-DK/stm32h750b_discovery_lcd.c:550:9:BSP_LCD_SetActiveLayer	24	static
../Drivers/BSP/STM32H750B-DK/stm32h750b_discovery_lcd.c:575:9:BSP_LCD_Relaod	24	static
../Drivers/BSP/STM32H750B-DK/stm32h750b_discovery_lcd.c:609:9:BSP_LCD_SetLayerVisible	32	static
../Drivers/BSP/STM32H750B-DK/stm32h750b_discovery_lcd.c:645:9:BSP_LCD_SetTransparency	32	static
../Drivers/BSP/STM32H750B-DK/stm32h750b_discovery_lcd.c:675:9:BSP_LCD_SetLayerAddress	32	static
../Drivers/BSP/STM32H750B-DK/stm32h750b_discovery_lcd.c:708:9:BSP_LCD_SetLayerWindow	32	static
../Drivers/BSP/STM32H750B-DK/stm32h750b_discovery_lcd.c:745:9:BSP_LCD_SetColorKeying	32	static
../Drivers/BSP/STM32H750B-DK/stm32h750b_discovery_lcd.c:778:9:BSP_LCD_ResetColorKeying	24	static
../Drivers/BSP/STM32H750B-DK/stm32h750b_discovery_lcd.c:809:9:BSP_LCD_GetXSize	24	static
../Drivers/BSP/STM32H750B-DK/stm32h750b_discovery_lcd.c:831:9:BSP_LCD_GetYSize	24	static
../Drivers/BSP/STM32H750B-DK/stm32h750b_discovery_lcd.c:852:9:BSP_LCD_DisplayOn	40	static
../Drivers/BSP/STM32H750B-DK/stm32h750b_discovery_lcd.c:886:9:BSP_LCD_DisplayOff	40	static
../Drivers/BSP/STM32H750B-DK/stm32h750b_discovery_lcd.c:919:9:BSP_LCD_SetBrightness	48	static
../Drivers/BSP/STM32H750B-DK/stm32h750b_discovery_lcd.c:962:9:BSP_LCD_GetBrightness	24	static
../Drivers/BSP/STM32H750B-DK/stm32h750b_discovery_lcd.c:986:9:BSP_LCD_DrawBitmap	64	static
../Drivers/BSP/STM32H750B-DK/stm32h750b_discovery_lcd.c:1050:9:BSP_LCD_FillRGBRect	40	static
../Drivers/BSP/STM32H750B-DK/stm32h750b_discovery_lcd.c:1102:9:BSP_LCD_DrawHLine	40	static
../Drivers/BSP/STM32H750B-DK/stm32h750b_discovery_lcd.c:1128:9:BSP_LCD_DrawVLine	40	static
../Drivers/BSP/STM32H750B-DK/stm32h750b_discovery_lcd.c:1155:9:BSP_LCD_FillRect	40	static
../Drivers/BSP/STM32H750B-DK/stm32h750b_discovery_lcd.c:1176:9:BSP_LCD_ReadPixel	24	static
../Drivers/BSP/STM32H750B-DK/stm32h750b_discovery_lcd.c:1200:9:BSP_LCD_WritePixel	24	static
../Drivers/BSP/STM32H750B-DK/stm32h750b_discovery_lcd.c:1232:13:LL_FillBuffer	40	static
../Drivers/BSP/STM32H750B-DK/stm32h750b_discovery_lcd.c:1274:13:LL_ConvertLineToRGB	40	static
../Drivers/BSP/STM32H750B-DK/stm32h750b_discovery_lcd.c:1326:13:LTDC_MspInit	64	static
../Drivers/BSP/STM32H750B-DK/stm32h750b_discovery_lcd.c:1389:13:LTDC_MspDeInit	40	static
../Drivers/BSP/STM32H750B-DK/stm32h750b_discovery_lcd.c:1421:13:DMA2D_MspInit	24	static
../Drivers/BSP/STM32H750B-DK/stm32h750b_discovery_lcd.c:1439:13:DMA2D_MspDeInit	16	static
../Drivers/BSP/STM32H750B-DK/stm32h750b_discovery_lcd.c:1459:13:TIMx_PWM_MspInit	48	static
../Drivers/BSP/STM32H750B-DK/stm32h750b_discovery_lcd.c:1486:13:TIMx_PWM_MspDeInit	40	static
../Drivers/BSP/STM32H750B-DK/stm32h750b_discovery_lcd.c:1506:13:TIMx_PWM_Init	16	static
../Drivers/BSP/STM32H750B-DK/stm32h750b_discovery_lcd.c:1530:13:TIMx_PWM_DeInit	16	static
