../Core/Src/main.c:114:5:main	8	static
../Core/Src/main.c:234:6:SystemClock_Config	120	static
../Core/Src/main.c:297:6:PeriphCommonClock_Config	200	static
../Core/Src/main.c:342:6:StartLCDTask	288	static
../Core/Src/main.c:424:6:HAL_GPIO_EXTI_Callback	24	static
../Core/Src/main.c:442:6:Ready	16	static
../Core/Src/main.c:455:9:DrawSemafor	32	static
../Core/Src/main.c:483:6:vApplicationStackOverflowHook	16	static,ignoring_inline_asm
../Core/Src/main.c:497:6:MPU_Config	24	static
../Core/Src/main.c:532:6:HAL_TIM_PeriodElapsedCallback	16	static
../Core/Src/main.c:550:6:Error_Handler	4	static,ignoring_inline_asm
