../Core/Src/main.c:112:5:main	8	static
../Core/Src/main.c:230:6:SystemClock_Config	120	static
../Core/Src/main.c:293:6:PeriphCommonClock_Config	200	static
../Core/Src/main.c:317:6:StartButtonTask	24	static
../Core/Src/main.c:338:6:StartLCDTask	80	static
../Core/Src/main.c:398:9:DrawSemafor	32	static
../Core/Src/main.c:426:6:vApplicationStackOverflowHook	16	static,ignoring_inline_asm
../Core/Src/main.c:440:6:MPU_Config	24	static
../Core/Src/main.c:475:6:HAL_TIM_PeriodElapsedCallback	16	static
../Core/Src/main.c:493:6:Error_Handler	4	static,ignoring_inline_asm
